// Jest Snapshot v1, https://goo.gl/fbAQLP

exports[`should test Clock component 1`] = `
<div
  className="flex items-center justify-center my-auto h-screen bg-skin-fill"
>
  <div
    className="flex flex-col justify-center items-center text-skin-light gap-y-5"
  >
    <div
      className="md:text-9xl text-7xl font-bold"
    >
      12:58:34
    </div>
    <div
      className="md:text-6xl text-5xl"
    >
      2022-04-18
    </div>
  </div>
</div>
`;
