// Jest Snapshot v1, https://goo.gl/fbAQLP

exports[`should test Nav component 1`] = `
<div
  className="text-skin-light"
  id="navigation-wrapper"
>
  <div
    className="w-100 h-fit bg-skin-fill md:flex block justify-between md:px-10 px-5"
  >
    <div
      className="flex items-center justify-between py-3 md:w-fit w-full"
    >
      <div
        className="flex items-center justify-center gap-x-2"
      >
        <div
          className="text-skin-light"
        >
          <svg
            className="w-10 h-10"
            fill="none"
            stroke="currentColor"
            viewBox="0 0 24 24"
            xmlns="http://www.w3.org/2000/svg"
          >
            <path
              d="M12 3v1m0 16v1m9-9h-1M4 12H3m15.364 6.364l-.707-.707M6.343 6.343l-.707-.707m12.728 0l-.707.707M6.343 17.657l-.707.707M16 12a4 4 0 11-8 0 4 4 0 018 0z"
              strokeLinecap="round"
              strokeLinejoin="round"
              strokeWidth="2"
            />
          </svg>
        </div>
        <div
          className="text-skin-light font-bold text-xl"
        >
          Toronto Weather App
        </div>
      </div>
      <div
        className="md:hidden block"
        onClick={[Function]}
      >
        <svg
          className="h-6 w-6"
          fill="currentColor"
          id="hamburgericon"
          viewBox="0 0 20 20"
          xmlns="http://www.w3.org/2000/svg"
        >
          <path
            clip-rule="evenodd"
            d="M3 5a1 1 0 011-1h12a1 1 0 110 2H4a1 1 0 01-1-1zM3 10a1 1 0 011-1h12a1 1 0 110 2H4a1 1 0 01-1-1zM3 15a1 1 0 011-1h12a1 1 0 110 2H4a1 1 0 01-1-1z"
            fill-rule="evenodd"
          />
        </svg>
        <svg
          class="h-6 w-6 hidden"
          fill="currentColor"
          id="closeicon"
          viewBox="0 0 20 20"
          xmlns="http://www.w3.org/2000/svg"
        >
          <path
            clip-rule="evenodd"
            d="M4.293 4.293a1 1 0 011.414 0L10 8.586l4.293-4.293a1 1 0 111.414 1.414L11.414 10l4.293 4.293a1 1 0 01-1.414 1.414L10 11.414l-4.293 4.293a1 1 0 01-1.414-1.414L8.586 10 4.293 5.707a1 1 0 010-1.414z"
            fill-rule="evenodd"
          />
        </svg>
      </div>
    </div>
    <div
      className="md:flex hidden items-center justify-evenly md:pb-0 pb-3 ease-out transition-[height] duration-500 "
      id="mainnav"
    >
      <div
        className="md:flex block gap-x-6 items-center justify-evenly md:mr-20 mr-0"
      >
        <a
          className="block md:flex md:w-fit w-full md:py-0 py-1"
          href="/clock"
        >
          Clock
        </a>
        <a
          className="block md:flex md:w-fit w-full md:py-0 py-1"
          href="/weather"
        >
          Toronto Weather
        </a>
        <a
          className="block md:flex md:w-fit w-full md:py-0 py-1"
          href="/aboutus"
        >
          About Us
        </a>
        <a
          className="block md:flex md:w-fit w-full md:py-0 py-1"
          href="/contactus"
        >
          Contact Us
        </a>
      </div>
      <div
        className="flex gap-x-3 md:gap-x-6 md:mt-0 mt-3 items-center md:justify-evenly justify-start"
      >
        <a
          className="font-bold"
          href="/login"
        >
          Login
        </a>
        <a
          className="bg-skin-button hover:bg-skin-buttonhover font-bold md:px-5 px-4  md:py-3 py-2 rounded-md"
          href="/register"
        >
          Signup
        </a>
      </div>
    </div>
  </div>
</div>
`;
